// Jest Snapshot v1, https://goo.gl/fbAQLP

exports[`ChartTodayUsage should render 1`] = `
<DocumentFragment>
  <h2
    class="MuiTypography-root MuiTypography-h6 MuiTypography-colorPrimary MuiTypography-gutterBottom"
  >
    Peak Times
  </h2>
  <div
    class="recharts-responsive-container"
    style="width: 100%; height: 100%;"
  >
    <div
      style="position: absolute; width: 0px; height: 0px; visibility: hidden; display: none;"
    />
  </div>
</DocumentFragment>
`;
